Output: 46
Output: 71
Output: 0
Output: 29
Output: 71
Output: 0
Output: 66
Output: 90
Output: 0
Output: 21
Output: 67
Output: 0
Output: 79
Output: 79
Output: 0
Output: 23
Output: 84
Output: 0
Output: 62
Output: 78
Output: 0
Output: 23
Output: 27
Output: 0
Output: 36
Output: 60
Output: 0
Output: 45
Output: 96
Output: 0
Output: 12
Output: 67
Output: 0
Output: 42
Output: 97
Output: 0
Output: 47
Output: 64
Output: 0