Output: 0
Output: 0
Output: 0
Output: 0
Output: 0
Output: 0
Output: 0
Output: 1
Output: 1
Output: 1
Output: 1
Output: 1
Output: 1
Output: 1
Output: 1
Output: 1
Output: 1
Output: 1
Output: 0
Output: 0
Output: 0
Output: 0
Output: 0
Output: 0
Output: 0
Output: 0
Output: 0
Output: 1
Output: 1
Output: 1
Output: 1
Output: 0
Output: 0
Output: 0
Output: 0
Output: 0
Output: 0
Output: 0
Output: 0
