Output: 132
Output: 68
Output: 176
Output: 182
Output: 106
Output: 192
Output: 192
Output: 94
Output: 136
Output: 166
Output: 118
Output: 116
Output: 112
Output: 30
Output: 162
Output: 36
Output: 190
Output: 88
Output: 144
Output: 132
Output: 28
Output: 162
Output: 86
Output: 90
Output: 46
Output: 144
Output: 66
Output: 46
Output: 144
Output: 66
Output: 46
Output: 58
Output: 60
Output: 116
Output: 150
Output: 88
Output: 124
Output: 76
Output: 120
Output: 164
Output: 48
Output: 104
